PHPUnit 12.4.4 by Sebastian Bergmann and contributors.

Runtime:       PHP 8.4.10
Configuration: F:\Desarrollo\Equidna\swift_auth\phpunit.xml

E                                                                   1 / 1 (100%)

Time: 00:00.007, Memory: 22.00 MB

There was 1 error:

1) Equidna\SwiftAuth\Tests\Unit\Services\SwiftSessionAuthTest::test_login_stores_user_id_in_session
TypeError: Equidna\SwiftAuth\Classes\Auth\SwiftSessionAuth::__construct(): Argument #3 ($events) must be of type Illuminate\Events\Dispatcher, MockObject_Dispatcher_d6a6a785 given, called in F:\Desarrollo\Equidna\swift_auth\tests\Unit\Services\SwiftSessionAuthTest.php on line 54

F:\Desarrollo\Equidna\swift_auth\src\Classes\Auth\SwiftSessionAuth.php:37
F:\Desarrollo\Equidna\swift_auth\tests\Unit\Services\SwiftSessionAuthTest.php:54

ERRORS!
Tests: 1, Assertions: 0, Errors: 1.
